"""
>>> say_my_name("John", "Smith")
My name is John Smith

>>> say_my_name("Walter")
My name is Walter

>>> say_my_name("", "White")
My name is White

>>> say_my_name(12, "White")
Traceback (most recent call last):
  File "<stdin>", line 1, in <module>
    say_my_name(12, "White")
TypeError: first_name must be a string

>>> say_my_name("Mary", "Jones", "Doe")
My name is Mary Jones
Traceback (most recent call last):
  File "<stdin>", line 1, in <module>
    say_my_name("Mary", "Jones", "Doe")
TypeError: say_my_name() takes 2 positional arguments but 3 were given
"""
